// Jest Snapshot v1, https://goo.gl/fbAQLP

exports[`SignInPage success tests success login 1`] = `
<div
  class="MuiButtonBase-root MuiListItem-root MuiListItem-gutters MuiListItem-padding MuiListItem-button css-rffksv-MuiButtonBase-root-MuiListItem-root"
  data-testid="logout-button"
  role="button"
  tabindex="0"
>
  <div
    class="MuiListItemIcon-root css-1ueznt8-MuiListItemIcon-root"
  >
    <svg
      aria-hidden="true"
      class="MuiSvgIcon-root MuiSvgIcon-fontSizeMedium css-i4bv87-MuiSvgIcon-root"
      data-testid="MeetingRoomIcon"
      focusable="false"
      viewBox="0 0 24 24"
    >
      <path
        d="M14 6v15H3v-2h2V3h9v1h5v15h2v2h-4V6h-3zm-4 5v2h2v-2h-2z"
      />
    </svg>
  </div>
  <div
    class="MuiListItemText-root css-tlelie-MuiListItemText-root"
  >
    <span
      class="MuiTypography-root MuiTypography-body1 MuiListItemText-primary css-10hburv-MuiTypography-root"
    >
      Logout
    </span>
  </div>
  <span
    class="MuiTouchRipple-root css-8je8zh-MuiTouchRipple-root"
  />
</div>
`;
